[2024-04-08T16:11:08.104+0200][info][gc] Using Serial
[2024-04-08T16:11:08.104+0200][info][gc,heap,coops] Heap address: 0x00000000f0000000, size: 256 MB, Compressed Oops mode: 32-bit
[2024-04-08T16:11:09.406+0200][info][gc,start     ] GC(0) Pause Young (Allocation Failure)
[2024-04-08T16:11:09.429+0200][info][gc,heap      ] GC(0) DefNew: 69952K->7560K(78656K)
[2024-04-08T16:11:09.429+0200][info][gc,heap      ] GC(0) Tenured: 0K->0K(174784K)
[2024-04-08T16:11:09.429+0200][info][gc,metaspace ] GC(0) Metaspace: 11623K(12416K)->11623K(12416K) NonClass: 10407K(11008K)->10407K(11008K) Class: 1216K(1408K)->1216K(1408K)
[2024-04-08T16:11:09.429+0200][info][gc           ] GC(0) Pause Young (Allocation Failure) 68M->7M(247M) 23,153ms
[2024-04-08T16:11:09.429+0200][info][gc,cpu       ] GC(0) User=0,05s Sys=0,01s Real=0,03s
[2024-04-08T16:11:09.648+0200][info][gc,start     ] GC(1) Pause Young (Allocation Failure)
[2024-04-08T16:11:09.674+0200][info][gc,heap      ] GC(1) DefNew: 77512K->5K(78656K)
[2024-04-08T16:11:09.674+0200][info][gc,heap      ] GC(1) Tenured: 0K->7502K(174784K)
[2024-04-08T16:11:09.674+0200][info][gc,metaspace ] GC(1) Metaspace: 11642K(12416K)->11642K(12416K) NonClass: 10425K(11008K)->10425K(11008K) Class: 1216K(1408K)->1216K(1408K)
[2024-04-08T16:11:09.674+0200][info][gc           ] GC(1) Pause Young (Allocation Failure) 75M->7M(247M) 26,093ms
[2024-04-08T16:11:09.674+0200][info][gc,cpu       ] GC(1) User=0,07s Sys=0,00s Real=0,02s
[2024-04-08T16:11:09.869+0200][info][gc,start     ] GC(2) Pause Young (Allocation Failure)
[2024-04-08T16:11:09.869+0200][info][gc,heap      ] GC(2) DefNew: 69957K->25K(78656K)
[2024-04-08T16:11:09.869+0200][info][gc,heap      ] GC(2) Tenured: 7502K->7502K(174784K)
[2024-04-08T16:11:09.869+0200][info][gc,metaspace ] GC(2) Metaspace: 11647K(12416K)->11647K(12416K) NonClass: 10430K(11008K)->10430K(11008K) Class: 1216K(1408K)->1216K(1408K)
[2024-04-08T16:11:09.869+0200][info][gc           ] GC(2) Pause Young (Allocation Failure) 75M->7M(247M) 0,694ms
[2024-04-08T16:11:09.869+0200][info][gc,cpu       ] GC(2) User=0,00s Sys=0,00s Real=0,00s
[2024-04-08T16:11:10.018+0200][info][gc,start     ] GC(3) Pause Young (Allocation Failure)
[2024-04-08T16:11:10.019+0200][info][gc,heap      ] GC(3) DefNew: 69977K->14K(78656K)
[2024-04-08T16:11:10.019+0200][info][gc,heap      ] GC(3) Tenured: 7502K->7502K(174784K)
[2024-04-08T16:11:10.019+0200][info][gc,metaspace ] GC(3) Metaspace: 11659K(12416K)->11659K(12416K) NonClass: 10442K(11008K)->10442K(11008K) Class: 1216K(1408K)->1216K(1408K)
[2024-04-08T16:11:10.019+0200][info][gc           ] GC(3) Pause Young (Allocation Failure) 75M->7M(247M) 1,304ms
[2024-04-08T16:11:10.019+0200][info][gc,cpu       ] GC(3) User=0,01s Sys=0,00s Real=0,00s
[2024-04-08T16:11:10.165+0200][info][gc,start     ] GC(4) Pause Young (Allocation Failure)
[2024-04-08T16:11:10.166+0200][info][gc,heap      ] GC(4) DefNew: 69966K->33K(78656K)
[2024-04-08T16:11:10.166+0200][info][gc,heap      ] GC(4) Tenured: 7502K->7502K(174784K)
[2024-04-08T16:11:10.166+0200][info][gc,metaspace ] GC(4) Metaspace: 11662K(12416K)->11662K(12416K) NonClass: 10445K(11008K)->10445K(11008K) Class: 1216K(1408K)->1216K(1408K)
[2024-04-08T16:11:10.166+0200][info][gc           ] GC(4) Pause Young (Allocation Failure) 75M->7M(247M) 1,187ms
[2024-04-08T16:11:10.166+0200][info][gc,cpu       ] GC(4) User=0,01s Sys=0,00s Real=0,00s
[2024-04-08T16:15:50.021+0200][info][gc,start     ] GC(5) Pause Young (Allocation Failure)
[2024-04-08T16:15:50.037+0200][info][gc,heap      ] GC(5) DefNew: 69985K->3282K(78656K)
[2024-04-08T16:15:50.037+0200][info][gc,heap      ] GC(5) Tenured: 7502K->7502K(174784K)
[2024-04-08T16:15:50.037+0200][info][gc,metaspace ] GC(5) Metaspace: 16017K(16896K)->16017K(16896K) NonClass: 14255K(14848K)->14255K(14848K) Class: 1762K(2048K)->1762K(2048K)
[2024-04-08T16:15:50.037+0200][info][gc           ] GC(5) Pause Young (Allocation Failure) 75M->10M(247M) 15,973ms
[2024-04-08T16:15:50.037+0200][info][gc,cpu       ] GC(5) User=0,01s Sys=0,01s Real=0,02s
[2024-04-08T16:15:50.045+0200][info][gc,heap,exit ] Heap
[2024-04-08T16:15:50.045+0200][info][gc,heap,exit ]  def new generation   total 78656K, used 4553K [0x00000000f0000000, 0x00000000f5550000, 0x00000000f5550000)
[2024-04-08T16:15:50.045+0200][info][gc,heap,exit ]   eden space 69952K,   1% used [0x00000000f0000000, 0x00000000f013da38, 0x00000000f4450000)
[2024-04-08T16:15:50.045+0200][info][gc,heap,exit ]   from space 8704K,  37% used [0x00000000f4450000, 0x00000000f4784bf8, 0x00000000f4cd0000)
[2024-04-08T16:15:50.045+0200][info][gc,heap,exit ]   to   space 8704K,   0% used [0x00000000f4cd0000, 0x00000000f4cd0000, 0x00000000f5550000)
[2024-04-08T16:15:50.045+0200][info][gc,heap,exit ]  tenured generation   total 174784K, used 7502K [0x00000000f5550000, 0x0000000100000000, 0x0000000100000000)
[2024-04-08T16:15:50.045+0200][info][gc,heap,exit ]    the space 174784K,   4% used [0x00000000f5550000, 0x00000000f5ca38f8, 0x00000000f5ca3a00, 0x0000000100000000)
[2024-04-08T16:15:50.045+0200][info][gc,heap,exit ]  Metaspace       used 16091K, capacity 16619K, committed 17152K, reserved 139264K
[2024-04-08T16:15:50.045+0200][info][gc,heap,exit ]   class space    used 1769K, capacity 1967K, committed 2048K, reserved 122880K
